1 NTR 7.38167333603
1 LYS 10.3858060837
7 GLU 2.88164067268
13 LYS 100.0
15 HIS 5.86278533936
18 ASP 2.70004034042
20 TYR 9.90778064728
23 TYR 9.38883113861
24 SER 100.0
33 LYS 10.5100774765
35 GLU 4.17639970779
36 SER 100.0
40 THR 100.0
43 THR 100.0
47 THR 100.0
48 ASP 1.86326384544
50 SER 100.0
51 THR 100.0
52 ASP 2.14920306206
53 TYR 10.7430047989
60 SER 100.0
66 ASP 2.35083866119
69 THR 100.0
72 SER 100.0
81 SER 100.0
85 SER 100.0
86 SER 100.0
87 ASP 2.05758094788
89 THR 100.0
91 SER 100.0
96 LYS 100.0
97 LYS 100.0
100 SER 100.0
101 ASP 3.31721663475
116 LYS 10.2513456345
118 THR 100.0
119 ASP 2.3969771862
129 CTR 1.69827020168
