1 NTR 7.9037275985663085
1 TYR 9.783097263247802
2 CTR 3.3040036750415207
