1 NTR 7.408592191507552
1 LYS 10.408594331926365
7 GLU 3.2607914960856137
13 LYS 11.202584096789986
15 HIS 5.860049027952742
18 ASP 3.0773533174922316
20 TYR 10.229234758356212
23 TYR 9.621664991106643
24 SER None
33 LYS 9.085562706557662
35 GLU 4.7582598724288685
36 SER None
40 THR None
43 THR None
47 THR None
48 ASP 2.0123466752743706
50 SER None
51 THR None
52 ASP 2.7875473062040226
53 TYR 11.215902669868626
60 SER None
66 ASP 2.5656823607686587
69 THR None
72 SER None
81 SER None
85 SER None
86 SER None
87 ASP 2.5077784971763606
89 THR None
91 SER None
96 LYS 11.19542276890403
97 LYS 11.122155487577409
100 SER None
101 ASP 3.6914777797608425
116 LYS 10.12388556596321
118 THR None
119 ASP 2.652922351948235
129 CTR 2.218566593454074
