1 NTR 7.3798026181791245
1 LYS 10.38954371882793
7 GLU 2.883440703932121
13 LYS None
15 HIS 5.865569021470087
18 ASP 2.699510987561634
20 TYR 9.91136602961934
23 TYR 9.391049178975162
24 SER None
33 LYS 10.515323383084578
35 GLU 4.176122306370281
36 SER None
40 THR None
43 THR None
47 THR None
48 ASP 1.8609441430875238
50 SER None
51 THR None
52 ASP 2.1500214603787757
53 TYR 10.73767971957186
60 SER None
66 ASP 2.3374635885396287
69 THR None
72 SER None
81 SER None
85 SER None
86 SER None
87 ASP 2.0521882775217195
89 THR None
91 SER None
96 LYS None
97 LYS None
100 SER None
101 ASP 3.3155342564355124
116 LYS 10.255215876619564
118 THR None
119 ASP 2.399847973960668
129 CTR 1.7030666482246242
