1 NTR 7.529455011593493
1 LYS 10.508084267727986
7 GLU 3.5337310134287265
13 LYS 11.220271607158917
15 HIS 5.696027987466173
18 ASP 3.286007554606668
20 TYR 11.002345067453625
23 TYR 10.032588661819213
24 SER None
33 LYS 10.60903395495808
35 GLU 5.094013778836741
36 SER None
40 THR None
43 THR None
47 THR None
48 ASP 2.315574118947413
50 SER None
51 THR None
52 ASP 2.808470871133457
53 TYR None
60 SER None
66 ASP 2.9113701275192083
69 THR None
72 SER None
81 SER None
85 SER None
86 SER None
87 ASP 2.869880795670616
89 THR None
91 SER None
96 LYS 11.067170728414231
97 LYS 11.050754008463969
100 SER None
101 ASP 3.980419662166111
116 LYS 10.016284992339985
118 THR None
119 ASP 2.6049235137002933
129 CTR 2.656261561228265
