#pH       total     NTR    7GLU     CTR
 6.00	 0.3100	 0.9274	 0.0022	 0.0004
 6.25	 0.2940	 0.8805	 0.0014	 0.0002
 6.50	 0.2707	 0.8110	 0.0010	 0.0001
 6.75	 0.2365	 0.7086	 0.0008	 0.0001
 7.00	 0.1921	 0.5757	 0.0004	 0.0000
 7.25	 0.1443	 0.4325	 0.0003	 0.0000
 7.50	 0.1000	 0.3000	 0.0001	 0.0000
 7.75	 0.0649	 0.1945	 0.0001	 0.0000
 8.00	 0.0397	 0.1190	 0.0001	 0.0000