1 NTR 6.92969322205
13 LYS 11.1123790741
18 ASP 2.67882728577
33 LYS 9.30632019043
96 LYS 10.6019744873
97 LYS 10.9809207916
116 LYS 10.0650520325
129 CTR 1.88876628876
