1 NTR 7.900646106133701
1 TYR 9.88522556057786
2 CTR 3.123850715655238
