1 NTR 7.882393397524072
3 THR None
4 LYS 10.290327706758951
6 THR None
9 LYS 8.516685074155886
10 SER None
11 THR None
14 LYS 10.06376595512564
18 LYS 7.63923256980438
22 THR None
23 LYS 9.672642410098653
27 LYS 10.839709485474273
28 SER None
32 THR None
36 LYS 10.414026770775237
37 LYS 11.254282087233317
39 HIS 8.760644085644085
41 TYR 13.72589107854297
45 THR None
50 GLU 3.0977474008471315
54 TYR 10.836061671427526
56 LYS 10.461906877554647
57 SER None
58 THR None
59 GLU 2.972853139247919
64 LYS 10.749247888651274
73 GLU 3.4225222172013856
77 ASP 4.501544770250534
79 LYS 10.883174614330393
80 THR None
81 ASP 2.58587883648028
86 SER None
87 SER None
94 GLU 2.336822582673205
96 SER None
97 GLU 0.2736797240504321
99 TYR 12.748583252553873
105 GLU 4.3537843607220434
106 ASP 2.758237453090849
107 THR None
110 CYS 13.30342405281947
113 HIS 3.462506496399139
115 LYS 10.421432084021216
118 THR None
122 LYS 8.99167708946439
123 ASP None
133 GLU 0.7110435350307528
135 CTR 3.5171617220137366
