769 NTR 13.809466362
770 CYS 100.0
771 GLU 4.25621128082
782 ASP 100.0
793 ASP 100.0
799 ASP 4.54966592789
801 ASP 2.18550944328
802 GLU 4.36237955093
804 CTR 3.72809386253
