769 NTR 10.8525056839
770 CYS 100.0
771 GLU 3.99856877327
782 ASP 100.0
793 ASP 100.0
799 ASP 2.06157875061
801 ASP 0.954805672169
802 GLU 3.89252233505
804 CTR 3.50584220886
