769 NTR 10.767904983032684
770 CYS 100.0
771 GLU 3.997527399091152
782 ASP 100.0
793 ASP 100.0
799 ASP 1.9413177479539034
801 ASP 0.9902989821882952
802 GLU 4.059942648076733
804 CTR 3.8417877441756705
