1 NTR 7.50067424774
18 ASP 3.16751217842
35 GLU 4.61393737793
48 ASP 2.26052093506
66 ASP 1.87332427502
129 CTR 2.30435156822
