769 NTR 11.20572255781535
770 CYS 24.212240582368022
771 GLU 4.006244338659009
776 TYR 18.59753191489362
780 TYR 24.40723419370116
782 ASP None
786 THR None
787 THR None
793 ASP 22.721932396697188
799 ASP 0.4165757481296758
801 ASP 1.4362119419712347
802 GLU 3.945716473628793
804 CTR 4.773451582666378
804 THR None
