    1 NTR 7.9006117525417885      
    1 TYR 9.88518370784027        
    2 CTR 3.123787446504994       
