1 NTR 7.63661126099
18 ASP 3.14160192118
35 GLU 4.6630113441
48 ASP 2.96396032156
66 ASP 3.25547061858
129 CTR 2.35320936885
