    1 NTR 7.900161128244222       
    2 CTR 3.2974246565617125      
