1 NTR 7.39441871643
18 ASP 2.78099513054
35 GLU 4.27633476257
48 ASP 2.65356683731
66 ASP 3.01925420761
129 CTR 1.94424641132
