    1 NTR 8.167721738527177       
    2 CTR 3.390519247038917       
