    1 NTR 7.2083941115933605   A  
    1 ASP 3.0432687937460243   B  
   35 GLU 4.612318525602017    C  
   35 ASP 2.2543511178409195   D  
   66 ASP 1.8262090921859637   D  
    1 CTR 2.702574220217964    D  
