1 NTR 7.183462163467873
1 LYS 10.396268714909544
7 GLU 2.7881048585788903
13 NTR 2.4753604406285437
13 LYS None
15 HIS 5.766867861454174
18 ASP 2.409258450943305
20 CTR None
20 TYR 9.978007803338805
21 NTR None
23 TYR 8.51584948914053
24 SER None
33 LYS 10.516964051164953
35 GLU 4.053515554030321
36 SER None
40 THR None
41 NTR 6.30871506642378
43 THR None
47 THR None
48 ASP 1.8451897981859995
50 SER None
51 THR None
52 ASP 2.002075936318864
53 TYR 10.705104182281517
60 SER None
66 ASP 2.2240888633956937
69 THR None
72 SER None
81 SER None
85 SER None
86 SER None
87 ASP 1.891905748004584
89 THR None
91 SER None
96 LYS None
97 LYS None
100 SER None
101 ASP 3.338910637657156
116 LYS 10.240017754608644
118 THR None
119 ASP 2.355701271398538
129 CTR 1.8967363230805352
